[17:38:26 INF] Start installing Hangfire SQL objects...
[17:38:26 INF] Hangfire SQL objects installed.
[17:38:26 INF] User profile is available. Using 'C:\Users\Admin\AppData\Local\ASP.NET\DataProtection-Keys' as key repository and Windows DPAPI to encrypt keys at rest.
[17:38:26 ERR] An error occurred while reading the key ring.
System.UnauthorizedAccessException: Access to the path 'C:\Users\Admin\AppData\Local\ASP.NET\DataProtection-Keys' is denied.
   at System.IO.Enumeration.FileSystemEnumerator`1.CreateDirectoryHandle(String path, Boolean ignoreNotFound)
   at System.IO.Enumeration.FileSystemEnumerator`1.Init()
   at System.IO.Enumeration.FileSystemEnumerator`1..ctor(String directory, Boolean isNormalized, EnumerationOptions options, String expression)
   at System.IO.Enumeration.FileSystemEnumerable`1..ctor(String directory, FindTransform transform, EnumerationOptions options, Boolean isNormalized, String expression)
   at System.IO.Enumeration.FileSystemEnumerableFactory.FileSystemInfos(String directory, String expression, EnumerationOptions options, Boolean isNormalized)
   at System.IO.DirectoryInfo.InternalEnumerateInfos(String path, String searchPattern, SearchTarget searchTarget, EnumerationOptions enumerationOptions)
   at System.IO.DirectoryInfo.EnumerateFileSystemInfos(String searchPattern, SearchOption searchOption)
   at Microsoft.AspNetCore.DataProtection.Repositories.FileSystemXmlRepository.GetAllElementsCore()+MoveNext()
   at System.Collections.Generic.List`1..ctor(IEnumerable`1 collection)
   at System.Linq.Enumerable.ToList[TSource](IEnumerable`1 source)
   at Microsoft.AspNetCore.DataProtection.Repositories.FileSystemXmlRepository.GetAllElements()
   at Microsoft.AspNetCore.DataProtection.KeyManagement.XmlKeyManager.GetAllKeys()
   at Microsoft.AspNetCore.DataProtection.KeyManagement.KeyRingProvider.CreateCacheableKeyRingCore(DateTimeOffset now, IKey keyJustAdded)
   at Microsoft.AspNetCore.DataProtection.KeyManagement.KeyRingProvider.GetCurrentKeyRingCoreNew(DateTime utcNow, Boolean forceRefresh)
[17:38:26 INF] Key ring failed to load during application startup.
System.UnauthorizedAccessException: Access to the path 'C:\Users\Admin\AppData\Local\ASP.NET\DataProtection-Keys' is denied.
   at System.IO.Enumeration.FileSystemEnumerator`1.CreateDirectoryHandle(String path, Boolean ignoreNotFound)
   at System.IO.Enumeration.FileSystemEnumerator`1.Init()
   at System.IO.Enumeration.FileSystemEnumerator`1..ctor(String directory, Boolean isNormalized, EnumerationOptions options, String expression)
   at System.IO.Enumeration.FileSystemEnumerable`1..ctor(String directory, FindTransform transform, EnumerationOptions options, Boolean isNormalized, String expression)
   at System.IO.Enumeration.FileSystemEnumerableFactory.FileSystemInfos(String directory, String expression, EnumerationOptions options, Boolean isNormalized)
   at System.IO.DirectoryInfo.InternalEnumerateInfos(String path, String searchPattern, SearchTarget searchTarget, EnumerationOptions enumerationOptions)
   at System.IO.DirectoryInfo.EnumerateFileSystemInfos(String searchPattern, SearchOption searchOption)
   at Microsoft.AspNetCore.DataProtection.Repositories.FileSystemXmlRepository.GetAllElementsCore()+MoveNext()
   at System.Collections.Generic.List`1..ctor(IEnumerable`1 collection)
   at System.Linq.Enumerable.ToList[TSource](IEnumerable`1 source)
   at Microsoft.AspNetCore.DataProtection.Repositories.FileSystemXmlRepository.GetAllElements()
   at Microsoft.AspNetCore.DataProtection.KeyManagement.XmlKeyManager.GetAllKeys()
   at Microsoft.AspNetCore.DataProtection.KeyManagement.KeyRingProvider.CreateCacheableKeyRingCore(DateTimeOffset now, IKey keyJustAdded)
   at Microsoft.AspNetCore.DataProtection.KeyManagement.KeyRingProvider.GetCurrentKeyRingCoreNew(DateTime utcNow, Boolean forceRefresh)
   at Microsoft.AspNetCore.DataProtection.Internal.DataProtectionHostedService.StartAsync(CancellationToken token)
[17:38:26 INF] Now listening on: http://127.0.0.1:5156
[17:38:26 INF] Starting Hangfire Server using job storage: 'PostgreSQL Server: Host: localhost, DB: culinary_blog_db, Schema: hangfire'
[17:38:26 INF] Using the following options for PostgreSQL job storage:
[17:38:26 INF]     Queue poll interval: 00:00:15.
[17:38:26 INF]     Invisibility timeout: 00:30:00.
[17:38:26 INF]     Use sliding invisibility timeout: False.
[17:38:26 INF] Using the following options for Hangfire Server:
    Worker count: 20
    Listening queues: 'default'
    Shutdown timeout: 00:00:15
    Schedule polling interval: 00:00:15
[17:38:26 INF] Application started. Press Ctrl+C to shut down.
[17:38:26 INF] Hosting environment: Production
[17:38:26 INF] Content root path: D:\WebNangCao\PTUDWNC-2026-Nhom5\Culinary_Blog_Nhom5\src\CulinaryBlog.API
[17:38:26 INF] Server desktop-vsrn6mc:16136:89de2027 successfully announced in 83.6146 ms
[17:38:26 INF] Server desktop-vsrn6mc:16136:89de2027 is starting the registered dispatchers: ServerWatchdog, ServerJobCancellationWatcher, ExpirationManager, CountersAggregator, Worker, DelayedJobScheduler, RecurringJobScheduler...
[17:38:26 INF] Server desktop-vsrn6mc:16136:89de2027 all the dispatchers started
[17:38:26 INF] Request starting HTTP/1.1 GET http://127.0.0.1:5156/health/ready - null null
[17:38:26 WRN] Failed to determine the https port for redirect.
[17:38:26 INF] Executing endpoint 'HTTP: GET /health/ready'
[17:38:27 INF] Setting HTTP status code 200.
[17:38:27 INF] Writing value of type '<>f__AnonymousType5`4' as Json.
[17:38:27 INF] Executed endpoint 'HTTP: GET /health/ready'
[17:38:27 INF] Request finished HTTP/1.1 GET http://127.0.0.1:5156/health/ready - 200 null application/json; charset=utf-8 234.3941ms
[17:39:12 INF] Request starting HTTP/1.1 POST http://127.0.0.1:5156/api/v1/auth/login - application/json 62
[17:39:12 INF] Executing endpoint 'HTTP: POST /api/v1/auth/login'
[17:39:12 WRN] You do not have a valid license key for the Lucky Penny software MediatR. This is allowed for development and testing scenarios. If you are running in production you are required to have a licensed version. Please visit https://luckypennysoftware.com to obtain a valid license.
[17:39:12 INF] Dang x? ly Request: LoginCommand
[17:39:13 INF] Executed DbCommand (11ms) [Parameters=[@normalizedEmail='?'], CommandType='Text', CommandTimeout='30']
SELECT a."Id", a."AccessFailedCount", a."AvatarUrl", a."Bio", a."ConcurrencyStamp", a."CreatedAt", a."DisplayName", a."Email", a."EmailConfirmed", a."IsActive", a."LockoutEnabled", a."LockoutEnd", a."NormalizedEmail", a."NormalizedUserName", a."PasswordHash", a."PhoneNumber", a."PhoneNumberConfirmed", a."SecurityStamp", a."TwoFactorEnabled", a."UserName"
FROM "AspNetUsers" AS a
WHERE a."NormalizedEmail" = @normalizedEmail
LIMIT 2
[17:39:13 INF] Executed DbCommand (6ms) [Parameters=[@userId='?'], CommandType='Text', CommandTimeout='30']
SELECT a0."Name"
FROM "AspNetUserRoles" AS a
INNER JOIN "AspNetRoles" AS a0 ON a."RoleId" = a0."Id"
WHERE a."UserId" = @userId
[17:39:13 INF] Executed DbCommand (10ms) [Parameters=[@p0='?' (DbType = Guid), @p1='?' (DbType = DateTime), @p2='?', @p3='?' (DbType = DateTime), @p4='?', @p5='?' (DbType = DateTime), @p6='?', @p7='?'], CommandType='Text', CommandTimeout='30']
INSERT INTO "RefreshTokens" ("Id", "CreatedAt", "CreatedByIp", "ExpiresAt", "ReplacedByTokenHash", "RevokedAt", "TokenHash", "UserId")
VALUES (@p0, @p1, @p2, @p3, @p4, @p5, @p6, @p7);
[17:39:13 WRN] C?nh b o hi?u nang: Request LoginCommand ho…n th…nh sau 1538ms (> 500ms)!
[17:39:13 INF] Setting HTTP status code 200.
[17:39:13 INF] Writing value of type 'AuthResponseDto' as Json.
[17:39:13 INF] Executed endpoint 'HTTP: POST /api/v1/auth/login'
[17:39:13 INF] Request finished HTTP/1.1 POST http://127.0.0.1:5156/api/v1/auth/login - 200 null application/json; charset=utf-8 1600.8456ms
[17:39:13 INF] Request starting HTTP/1.1 POST http://127.0.0.1:5156/api/v1/recipes/016ad34a-64f6-42cd-b269-bd9877acf63b/images - multipart/form-data; boundary="91535e4a-bf56-4461-a811-fcfa5577c114" 509
[17:39:14 INF] Executing endpoint 'HTTP: POST /api/v1/recipes/{recipeId:guid}/images'
[17:39:14 INF] Dang x? ly Request: UploadRecipeImageCommand
[17:39:14 WRN] Compiling a query which loads related collections for more than one collection navigation, either via 'Include' or through projection, but no 'QuerySplittingBehavior' has been configured. By default, Entity Framework will use 'QuerySplittingBehavior.SingleQuery', which can potentially result in slow query performance. See https://go.microsoft.com/fwlink/?linkid=2134277 for more information. To identify the query that's triggering this warning call 'ConfigureWarnings(w => w.Throw(RelationalEventId.MultipleCollectionIncludeWarning))'.
[17:39:14 INF] Executed DbCommand (29ms) [Parameters=[@id='?' (DbType = Guid)], CommandType='Text', CommandTimeout='30']
SELECT s."Id", s."AuthorId", s."CategoryId", s."CookTime", s."CreatedAt", s."Description", s."Difficulty", s."Instructions", s."IsDeleted", s."PrepTime", s."PublishedAt", s."RowVersion", s."SearchVector", s."Servings", s."Slug", s."Status", s."Title", s."UpdatedAt", s."Nutrition_Calories", s."Nutrition_Carbohydrates", s."Nutrition_Fat", s."Nutrition_Fiber", s."Nutrition_Protein", s."Nutrition_Sodium", s."Id0", s."CreatedAt0", s."Description0", s."ImageUrl", s."IsDeleted0", s."Name", s."OrderIndex", s."RowVersion0", s."Slug0", s."UpdatedAt0", s."Id1", s."AccessFailedCount", s."AvatarUrl", s."Bio", s."ConcurrencyStamp", s."CreatedAt1", s."DisplayName", s."Email", s."EmailConfirmed", s."IsActive", s."LockoutEnabled", s."LockoutEnd", s."NormalizedEmail", s."NormalizedUserName", s."PasswordHash", s."PhoneNumber", s."PhoneNumberConfirmed", s."SecurityStamp", s."TwoFactorEnabled", s."UserName", r3."Id", r3."CreatedAt", r3."Description", r3."ImageUrl", r3."IsDeleted", r3."RecipeId", r3."RowVersion", r3."StepNumber", r3."TimerMinutes", r3."Title", r3."UpdatedAt", r4."Id", r4."CreatedAt", r4."IsDeleted", r4."Name", r4."Notes", r4."OrderIndex", r4."Quantity", r4."RecipeId", r4."RowVersion", r4."Unit", r4."UpdatedAt", r5."Id", r5."AltText", r5."CreatedAt", r5."IsDeleted", r5."IsPrimary", r5."MediumUrl", r5."OrderIndex", r5."OriginalUrl", r5."ProcessingStatus", r5."RecipeId", r5."RowVersion", r5."ThumbnailUrl", r5."UpdatedAt"
FROM (
    SELECT r."Id", r."AuthorId", r."CategoryId", r."CookTime", r."CreatedAt", r."Description", r."Difficulty", r."Instructions", r."IsDeleted", r."PrepTime", r."PublishedAt", r."RowVersion", r."SearchVector", r."Servings", r."Slug", r."Status", r."Title", r."UpdatedAt", r."Nutrition_Calories", r."Nutrition_Carbohydrates", r."Nutrition_Fat", r."Nutrition_Fiber", r."Nutrition_Protein", r."Nutrition_Sodium", c0."Id" AS "Id0", c0."CreatedAt" AS "CreatedAt0", c0."Description" AS "Description0", c0."ImageUrl", c0."IsDeleted" AS "IsDeleted0", c0."Name", c0."OrderIndex", c0."RowVersion" AS "RowVersion0", c0."Slug" AS "Slug0", c0."UpdatedAt" AS "UpdatedAt0", a."Id" AS "Id1", a."AccessFailedCount", a."AvatarUrl", a."Bio", a."ConcurrencyStamp", a."CreatedAt" AS "CreatedAt1", a."DisplayName", a."Email", a."EmailConfirmed", a."IsActive", a."LockoutEnabled", a."LockoutEnd", a."NormalizedEmail", a."NormalizedUserName", a."PasswordHash", a."PhoneNumber", a."PhoneNumberConfirmed", a."SecurityStamp", a."TwoFactorEnabled", a."UserName"
    FROM "Recipes" AS r
    INNER JOIN (
        SELECT c."Id", c."CreatedAt", c."Description", c."ImageUrl", c."IsDeleted", c."Name", c."OrderIndex", c."RowVersion", c."Slug", c."UpdatedAt"
        FROM "Categories" AS c
        WHERE NOT (c."IsDeleted")
    ) AS c0 ON r."CategoryId" = c0."Id"
    INNER JOIN "AspNetUsers" AS a ON r."AuthorId" = a."Id"
    WHERE NOT (r."IsDeleted") AND r."Id" = @id AND NOT (r."IsDeleted")
    LIMIT 1
) AS s
LEFT JOIN (
    SELECT r0."Id", r0."CreatedAt", r0."Description", r0."ImageUrl", r0."IsDeleted", r0."RecipeId", r0."RowVersion", r0."StepNumber", r0."TimerMinutes", r0."Title", r0."UpdatedAt"
    FROM "RecipeSteps" AS r0
    WHERE NOT (r0."IsDeleted")
) AS r3 ON s."Id" = r3."RecipeId"
LEFT JOIN (
    SELECT r1."Id", r1."CreatedAt", r1."IsDeleted", r1."Name", r1."Notes", r1."OrderIndex", r1."Quantity", r1."RecipeId", r1."RowVersion", r1."Unit", r1."UpdatedAt"
    FROM "RecipeIngredients" AS r1
    WHERE NOT (r1."IsDeleted")
) AS r4 ON s."Id" = r4."RecipeId"
LEFT JOIN (
    SELECT r2."Id", r2."AltText", r2."CreatedAt", r2."IsDeleted", r2."IsPrimary", r2."MediumUrl", r2."OrderIndex", r2."OriginalUrl", r2."ProcessingStatus", r2."RecipeId", r2."RowVersion", r2."ThumbnailUrl", r2."UpdatedAt"
    FROM "RecipeImages" AS r2
    WHERE NOT (r2."IsDeleted")
) AS r5 ON s."Id" = r5."RecipeId"
ORDER BY s."Id", s."Id0", s."Id1", r3."StepNumber", r3."Id", r4."OrderIndex", r4."Id", r5."OrderIndex"
[17:39:14 INF] Executed DbCommand (15ms) [Parameters=[@p0='?' (DbType = Guid), @p1='?', @p2='?' (DbType = DateTime), @p3='?' (DbType = Boolean), @p4='?' (DbType = Boolean), @p5='?', @p6='?', @p7='?', @p8='?' (DbType = Guid), @p9='?' (DbType = Binary), @p10='?', @p11='?' (DbType = DateTime)], CommandType='Text', CommandTimeout='30']
INSERT INTO "RecipeImages" ("Id", "AltText", "CreatedAt", "IsDeleted", "IsPrimary", "MediumUrl", "OriginalUrl", "ProcessingStatus", "RecipeId", "RowVersion", "ThumbnailUrl", "UpdatedAt")
VALUES (@p0, @p1, @p2, @p3, @p4, @p5, @p6, @p7, @p8, @p9, @p10, @p11)
RETURNING "OrderIndex";
[17:39:14 WRN] C?nh b o hi?u nang: Request UploadRecipeImageCommand ho…n th…nh sau 753ms (> 500ms)!
[17:39:14 INF] Setting HTTP status code 201.
[17:39:14 INF] Writing value of type 'ApiResponse`1' as Json.
[17:39:14 INF] Executed endpoint 'HTTP: POST /api/v1/recipes/{recipeId:guid}/images'
[17:39:14 INF] Request finished HTTP/1.1 POST http://127.0.0.1:5156/api/v1/recipes/016ad34a-64f6-42cd-b269-bd9877acf63b/images - 201 null application/json; charset=utf-8 835.2599ms
[17:39:15 INF] Executed DbCommand (5ms) [Parameters=[@imageId='?' (DbType = Guid)], CommandType='Text', CommandTimeout='30']
SELECT r."Id", r."AltText", r."CreatedAt", r."IsDeleted", r."IsPrimary", r."MediumUrl", r."OrderIndex", r."OriginalUrl", r."ProcessingStatus", r."RecipeId", r."RowVersion", r."ThumbnailUrl", r."UpdatedAt"
FROM "RecipeImages" AS r
WHERE r."Id" = @imageId
LIMIT 1
[17:39:15 INF] Executed DbCommand (7ms) [Parameters=[@p3='?' (DbType = Guid), @p0='?', @p1='?' (DbType = Binary), @p4='?' (DbType = Binary), @p2='?' (DbType = DateTime)], CommandType='Text', CommandTimeout='30']
UPDATE "RecipeImages" SET "ProcessingStatus" = @p0, "RowVersion" = @p1, "UpdatedAt" = @p2
WHERE "Id" = @p3 AND "RowVersion" = @p4;
[17:39:15 INF] Executed DbCommand (6ms) [Parameters=[@p5='?' (DbType = Guid), @p0='?', @p1='?', @p2='?' (DbType = Binary), @p6='?' (DbType = Binary), @p3='?', @p4='?' (DbType = DateTime)], CommandType='Text', CommandTimeout='30']
UPDATE "RecipeImages" SET "MediumUrl" = @p0, "ProcessingStatus" = @p1, "RowVersion" = @p2, "ThumbnailUrl" = @p3, "UpdatedAt" = @p4
WHERE "Id" = @p5 AND "RowVersion" = @p6;
[17:39:15 INF] Recipe image variants processed for 290f39a3-8710-48e3-b119-7719e2fce575
